// Jest Snapshot v1, https://goo.gl/fbAQLP

exports[`App makes it possible to write 1`] = `
<input
  type="text"
  alt="note"
  value=""
/>
`;

exports[`App renders without crashing 1`] = `
<h1
  class="App-title"
>
  Welcome to React
</h1>
`;

exports[`App show input value on screen 1`] = `
<li
  class="shownotes"
>
  potato
</li>
`;
